
R version 3.2.0 (2015-04-16) -- "Full of Ingredients"
Copyright (C) 2015 The R Foundation for Statistical Computing
Platform: x86_64-pc-linux-gnu (64-bit)

R is free software and comes with ABSOLUTELY NO WARRANTY.
You are welcome to redistribute it under certain conditions.
Type 'license()' or 'licence()' for distribution details.

  Natural language support but running in an English locale

R is a collaborative project with many contributors.
Type 'contributors()' for more information and
'citation()' on how to cite R or R packages in publications.

Type 'demo()' for some demos, 'help()' for on-line help, or
'help.start()' for an HTML browser interface to help.
Type 'q()' to quit R.

> #! /usr/local/bin/Rscript --vanilla
> 
> ##z_make_r_code.r
> ##2014-03-31 dmontaner@cipf.es
> ##Runs spin using knitr
> 
> ## NOTE: the scripts are executed one after the other one.
> ##       The environment is not cleaned up.
> ##       The q() command at the end of the scripts ends the process.
> 
> ## NOTE: spin does not stop with errors 
> 
> date ()
[1] "Mon Apr 20 16:02:26 2015"
> Sys.info ()[c("nodename", "user")]
   nodename        user 
      "lap" "dmontaner" 
> commandArgs ()
[1] "/usr/lib/R/bin/exec/R"                                                                                                                         
[2] "-f"                                                                                                                                            
[3] "/home/dmontaner/Documents/UV_master/mis_cursos/NOCIONES_BASICAS_2014_2015/clases_preparacion/2015_04_20_blast_remote_practical/z_make_r_code.r"
[4] "--restore"                                                                                                                                     
[5] "--save"                                                                                                                                        
[6] "--no-readline"                                                                                                                                 
[7] "--no-save"                                                                                                                                     
[8] "--no-restore"                                                                                                                                  
> rm (list = ls ())
> R.version.string ##"R version 3.0.2 (2013-09-25)"
[1] "R version 3.2.0 (2015-04-16)"
> library (knitr); packageDescription ("knitr", fields = "Version") #"1.5"
[1] "1.9"
> ##help (package = knitr)
> 
> opts_chunk$set (comment = ">")   ## symbol preceding the R output
> 
> 
> ### FILES TO COMPILE:
> setwd ("/home/dmontaner/Documents/UV_master/mis_cursos/NOCIONES_BASICAS_2014_2015/clases_preparacion/2015_04_20_blast_remote_practical")
> dir ()
 [1] "2015_04_20_blast_practical_especies.html"
 [2] "2015_04_20_blast_practical_especies.sh"  
 [3] "blast_practical_species.md"              
 [4] "blast_practical_species.sh"              
 [5] "data"                                    
 [6] "datos"                                   
 [7] "datos_simulacion"                        
 [8] "ejemplo_resultados"                      
 [9] "explore_blast_tables.html"               
[10] "explore_blast_tables.r"                  
[11] "explore_blast_tables.r.Rout"             
[12] "z_make_html.sh"                          
[13] "z_make_r_code.r"                         
[14] "z_make_r_code.r.Rout"                    
> 
> bases <- c ("explore_blast_tables") ## File names WITHOUT extension
> 
> for (base in bases) {
+     print (base)
+     rm (list = setdiff (ls (), c("base", "bases")))  
+     unlink (paste0 (base, ".html"))
+     spin   (paste0 (base, ".r"), doc = "^##+'[ ]?")  ## double has plus quote instead of single has plus quote is used to indicate md/text chunks (as in roxygen doc. using emacs)
+     unlink (paste0 (base, ".md"))
+     unlink (paste0 (base, ".Rmd"))
+ }
[1] "explore_blast_tables"


processing file: explore_blast_tables.Rmd
  |                                                                         |                                                                 |   0%  |                                                                         |.                                                                |   2%
  ordinary text without R code

  |                                                                         |...                                                              |   4%
label: unnamed-chunk-1
  |                                                                         |....                                                             |   6%
  ordinary text without R code

  |                                                                         |.....                                                            |   8%
label: unnamed-chunk-2
  |                                                                         |......                                                           |  10%
  ordinary text without R code

  |                                                                         |........                                                         |  12%
label: unnamed-chunk-3
  |                                                                         |.........                                                        |  14%
  ordinary text without R code

  |                                                                         |..........                                                       |  16%
label: unnamed-chunk-4
  |                                                                         |...........                                                      |  18%
  ordinary text without R code

  |                                                                         |.............                                                    |  20%
label: unnamed-chunk-5
  |                                                                         |..............                                                   |  22%
  ordinary text without R code

  |                                                                         |...............                                                  |  24%
label: unnamed-chunk-6
  |                                                                         |.................                                                |  25%
  ordinary text without R code

  |                                                                         |..................                                               |  27%
label: unnamed-chunk-7
  |                                                                         |...................                                              |  29%
  ordinary text without R code

  |                                                                         |....................                                             |  31%
label: unnamed-chunk-8
  |                                                                         |......................                                           |  33%
  ordinary text without R code

  |                                                                         |.......................                                          |  35%
label: unnamed-chunk-9
  |                                                                         |........................                                         |  37%
  ordinary text without R code

  |                                                                         |.........................                                        |  39%
label: unnamed-chunk-10
  |                                                                         |...........................                                      |  41%
  ordinary text without R code

  |                                                                         |............................                                     |  43%
label: unnamed-chunk-11
  |                                                                         |.............................                                    |  45%
  ordinary text without R code

  |                                                                         |...............................                                  |  47%
label: unnamed-chunk-12
  |                                                                         |................................                                 |  49%
  ordinary text without R code

  |                                                                         |.................................                                |  51%
label: unnamed-chunk-13
  |                                                                         |..................................                               |  53%
  ordinary text without R code

  |                                                                         |....................................                             |  55%
label: unnamed-chunk-14
  |                                                                         |.....................................                            |  57%
  ordinary text without R code

  |                                                                         |......................................                           |  59%
label: unnamed-chunk-15
  |                                                                         |........................................                         |  61%
  ordinary text without R code

  |                                                                         |.........................................                        |  63%
label: unnamed-chunk-16
  |                                                                         |..........................................                       |  65%
  ordinary text without R code

  |                                                                         |...........................................                      |  67%
label: unnamed-chunk-17
  |                                                                         |.............................................                    |  69%
  ordinary text without R code

  |                                                                         |..............................................                   |  71%
label: unnamed-chunk-18
  |                                                                         |...............................................                  |  73%
  ordinary text without R code

  |                                                                         |................................................                 |  75%
label: unnamed-chunk-19
  |                                                                         |..................................................               |  76%
  ordinary text without R code

  |                                                                         |...................................................              |  78%
label: unnamed-chunk-20
  |                                                                         |....................................................             |  80%
  ordinary text without R code

  |                                                                         |......................................................           |  82%
label: unnamed-chunk-21
  |                                                                         |.......................................................          |  84%
  ordinary text without R code

  |                                                                         |........................................................         |  86%
label: unnamed-chunk-22
  |                                                                         |.........................................................        |  88%
  ordinary text without R code

  |                                                                         |...........................................................      |  90%
label: unnamed-chunk-23
  |                                                                         |............................................................     |  92%
  ordinary text without R code

  |                                                                         |.............................................................    |  94%
label: unnamed-chunk-24
  |                                                                         |..............................................................   |  96%
  ordinary text without R code

  |                                                                         |................................................................ |  98%
label: unnamed-chunk-25
  |                                                                         |.................................................................| 100%
   inline R code fragments


output file: explore_blast_tables.md

> 
> #unlink ("misdatos.txt")
> 
> 
> ###EXIT
> warnings ()
NULL
> sessionInfo ()
R version 3.2.0 (2015-04-16)
Platform: x86_64-pc-linux-gnu (64-bit)
Running under: Ubuntu 14.04.2 LTS

locale:
 [1] LC_CTYPE=en_US.UTF-8       LC_NUMERIC=C              
 [3] LC_TIME=es_ES.UTF-8        LC_COLLATE=en_US.UTF-8    
 [5] LC_MONETARY=es_ES.UTF-8    LC_MESSAGES=en_US.UTF-8   
 [7] LC_PAPER=es_ES.UTF-8       LC_NAME=C                 
 [9] LC_ADDRESS=C               LC_TELEPHONE=C            
[11] LC_MEASUREMENT=es_ES.UTF-8 LC_IDENTIFICATION=C       

attached base packages:
[1] stats     graphics  grDevices utils     datasets  methods   base     

other attached packages:
[1] knitr_1.9

loaded via a namespace (and not attached):
[1] formatR_1.1    markdown_0.7.4 tools_3.2.0    stringr_0.6.2  evaluate_0.5.5
> q ("no")
> proc.time()
   user  system elapsed 
  0.590   0.044   0.629 
