
R version 3.2.0 (2015-04-16) -- "Full of Ingredients"
Copyright (C) 2015 The R Foundation for Statistical Computing
Platform: x86_64-pc-linux-gnu (64-bit)

R is free software and comes with ABSOLUTELY NO WARRANTY.
You are welcome to redistribute it under certain conditions.
Type 'license()' or 'licence()' for distribution details.

  Natural language support but running in an English locale

R is a collaborative project with many contributors.
Type 'contributors()' for more information and
'citation()' on how to cite R or R packages in publications.

Type 'demo()' for some demos, 'help()' for on-line help, or
'help.start()' for an HTML browser interface to help.
Type 'q()' to quit R.

> #! /usr/local/bin/Rscript --vanilla
> 
> ##z_make_r_code.r
> ##2014-03-31 dmontaner@cipf.es
> ##Runs spin using knitr
> 
> ## NOTE: the scripts are executed one after the other one.
> ##       The environment is not cleaned up.
> ##       The q() command at the end of the scripts ends the process.
> 
> ## NOTE: spin does not stop with errors 
> 
> date ()
[1] "Mon May 25 16:01:25 2015"
> Sys.info ()[c("nodename", "user")]
   nodename        user 
      "lap" "dmontaner" 
> commandArgs ()
[1] "/usr/lib/R/bin/exec/R"                                                                                                                       
[2] "-f"                                                                                                                                          
[3] "/home/dmontaner/Documents/UV_master/mis_cursos/NOCIONES_BASICAS_2014_2015/clases_preparacion/2015_05_25_genome_visualization/z_make_r_code.r"
[4] "--restore"                                                                                                                                   
[5] "--save"                                                                                                                                      
[6] "--no-readline"                                                                                                                               
[7] "--no-save"                                                                                                                                   
[8] "--no-restore"                                                                                                                                
> rm (list = ls ())
> R.version.string ##"R version 3.0.2 (2013-09-25)"
[1] "R version 3.2.0 (2015-04-16)"
> library (knitr); packageDescription ("knitr", fields = "Version") #"1.5"
[1] "1.10.5"
> ##help (package = knitr)
> 
> opts_chunk$set (comment = ">")   ## symbol preceding the R output
> 
> 
> ### FILES TO COMPILE:
> setwd ("/home/dmontaner/Documents/UV_master/mis_cursos/NOCIONES_BASICAS_2014_2015/clases_preparacion/2015_05_25_genome_visualization")
> dir ()
[1] "010_genome_visualization.md"         "010_genome_visualization.sh"        
[3] "2015_05_25_genome_visualization.pdf" "2015_05_25_gviz_intro.r"            
[5] "z_make_r_code.r"                     "z_make_r_code.r.Rout"               
> 
> bases <- c ("2015_05_25_gviz_intro") ## File names WITHOUT extension
> 
> for (base in bases) {
+     print (base)
+     rm (list = setdiff (ls (), c("base", "bases")))  
+     unlink (paste0 (base, ".html"))
+     spin   (paste0 (base, ".r"), doc = "^##+'[ ]?")  ## double has plus quote instead of single has plus quote is used to indicate md/text chunks (as in roxygen doc. using emacs)
+     unlink (paste0 (base, ".md"))
+     unlink (paste0 (base, ".Rmd"))
+ }
[1] "2015_05_25_gviz_intro"


processing file: 2015_05_25_gviz_intro.Rmd
  |                                                                         |                                                                 |   0%  |                                                                         |.                                                                |   1%
  ordinary text without R code

  |                                                                         |.                                                                |   2%
label: unnamed-chunk-1
  |                                                                         |..                                                               |   3%
  ordinary text without R code

  |                                                                         |...                                                              |   4%
label: unnamed-chunk-2
  |                                                                         |...                                                              |   5%
  ordinary text without R code

  |                                                                         |....                                                             |   6%
label: unnamed-chunk-3
  |                                                                         |.....                                                            |   7%
  ordinary text without R code

  |                                                                         |.....                                                            |   8%
label: unnamed-chunk-4
  |                                                                         |......                                                           |   9%
  ordinary text without R code

  |                                                                         |.......                                                          |  10%
label: unnamed-chunk-5
  |                                                                         |.......                                                          |  11%
  ordinary text without R code

  |                                                                         |........                                                         |  12%
label: unnamed-chunk-6
  |                                                                         |.........                                                        |  13%
  ordinary text without R code

  |                                                                         |.........                                                        |  14%
label: unnamed-chunk-7
  |                                                                         |..........                                                       |  15%
  ordinary text without R code

  |                                                                         |...........                                                      |  16%
label: unnamed-chunk-8
  |                                                                         |...........                                                      |  17%
  ordinary text without R code

  |                                                                         |............                                                     |  18%
label: unnamed-chunk-9
  |                                                                         |............                                                     |  19%
  ordinary text without R code

  |                                                                         |.............                                                    |  20%
label: unnamed-chunk-10
  |                                                                         |..............                                                   |  21%
  ordinary text without R code

  |                                                                         |..............                                                   |  22%
label: unnamed-chunk-11
  |                                                                         |...............                                                  |  23%
  ordinary text without R code

  |                                                                         |................                                                 |  24%
label: unnamed-chunk-12
  |                                                                         |................                                                 |  25%
  ordinary text without R code

  |                                                                         |.................                                                |  26%
label: unnamed-chunk-13
  |                                                                         |..................                                               |  27%
  ordinary text without R code

  |                                                                         |..................                                               |  28%
label: unnamed-chunk-14
  |                                                                         |...................                                              |  29%
  ordinary text without R code

  |                                                                         |....................                                             |  30%
label: unnamed-chunk-15
  |                                                                         |....................                                             |  31%
  ordinary text without R code

  |                                                                         |.....................                                            |  32%
label: unnamed-chunk-16
  |                                                                         |......................                                           |  33%
  ordinary text without R code

  |                                                                         |......................                                           |  34%
label: unnamed-chunk-17
  |                                                                         |.......................                                          |  35%
  ordinary text without R code

  |                                                                         |........................                                         |  36%
label: unnamed-chunk-18
  |                                                                         |........................                                         |  37%
  ordinary text without R code

  |                                                                         |.........................                                        |  38%
label: unnamed-chunk-19
  |                                                                         |..........................                                       |  39%
  ordinary text without R code

  |                                                                         |..........................                                       |  40%
label: unnamed-chunk-20
Error in .defaultRange(trackList, from = from, to = to, extend.left = extend.left,  : 
  Unable to automatically determine plotting ranges from the supplied track(s).
Please provide range coordinates through the 'from' and 'to' arguments of the plotTracks function.
  |                                                                         |...........................                                      |  41%
  ordinary text without R code

  |                                                                         |............................                                     |  42%
label: unnamed-chunk-21
  |                                                                         |............................                                     |  43%
  ordinary text without R code

  |                                                                         |.............................                                    |  44%
label: unnamed-chunk-22
  |                                                                         |..............................                                   |  45%
  ordinary text without R code

  |                                                                         |..............................                                   |  46%
label: unnamed-chunk-23
  |                                                                         |...............................                                  |  47%
  ordinary text without R code

  |                                                                         |................................                                 |  48%
label: unnamed-chunk-24
  |                                                                         |................................                                 |  49%
  ordinary text without R code

  |                                                                         |.................................                                |  51%
label: unnamed-chunk-25
  |                                                                         |.................................                                |  52%
  ordinary text without R code

  |                                                                         |..................................                               |  53%
label: unnamed-chunk-26
  |                                                                         |...................................                              |  54%
  ordinary text without R code

  |                                                                         |...................................                              |  55%
label: unnamed-chunk-27
  |                                                                         |....................................                             |  56%
  ordinary text without R code

  |                                                                         |.....................................                            |  57%
label: unnamed-chunk-28
  |                                                                         |.....................................                            |  58%
  ordinary text without R code

  |                                                                         |......................................                           |  59%
label: unnamed-chunk-29
  |                                                                         |.......................................                          |  60%
  ordinary text without R code

  |                                                                         |.......................................                          |  61%
label: unnamed-chunk-30
  |                                                                         |........................................                         |  62%
  ordinary text without R code

  |                                                                         |.........................................                        |  63%
label: unnamed-chunk-31
  |                                                                         |.........................................                        |  64%
  ordinary text without R code

  |                                                                         |..........................................                       |  65%
label: unnamed-chunk-32
  |                                                                         |...........................................                      |  66%
  ordinary text without R code

  |                                                                         |...........................................                      |  67%
label: unnamed-chunk-33
  |                                                                         |............................................                     |  68%
  ordinary text without R code

  |                                                                         |.............................................                    |  69%
label: unnamed-chunk-34
  |                                                                         |.............................................                    |  70%
  ordinary text without R code

  |                                                                         |..............................................                   |  71%
label: unnamed-chunk-35
  |                                                                         |...............................................                  |  72%
  ordinary text without R code

  |                                                                         |...............................................                  |  73%
label: unnamed-chunk-36
  |                                                                         |................................................                 |  74%
  ordinary text without R code

  |                                                                         |.................................................                |  75%
label: unnamed-chunk-37
  |                                                                         |.................................................                |  76%
  ordinary text without R code

  |                                                                         |..................................................               |  77%
label: unnamed-chunk-38
  |                                                                         |...................................................              |  78%
  ordinary text without R code

  |                                                                         |...................................................              |  79%
label: unnamed-chunk-39
  |                                                                         |....................................................             |  80%
  ordinary text without R code

  |                                                                         |.....................................................            |  81%
label: unnamed-chunk-40
  |                                                                         |.....................................................            |  82%
  ordinary text without R code

  |                                                                         |......................................................           |  83%
label: unnamed-chunk-41
  |                                                                         |......................................................           |  84%
  ordinary text without R code

  |                                                                         |.......................................................          |  85%
label: unnamed-chunk-42
  |                                                                         |........................................................         |  86%
  ordinary text without R code

  |                                                                         |........................................................         |  87%
label: unnamed-chunk-43
  |                                                                         |.........................................................        |  88%
  ordinary text without R code

  |                                                                         |..........................................................       |  89%
label: unnamed-chunk-44
  |                                                                         |..........................................................       |  90%
  ordinary text without R code

  |                                                                         |...........................................................      |  91%
label: unnamed-chunk-45
  |                                                                         |............................................................     |  92%
  ordinary text without R code

  |                                                                         |............................................................     |  93%
label: unnamed-chunk-46
  |                                                                         |.............................................................    |  94%
  ordinary text without R code

  |                                                                         |..............................................................   |  95%
label: unnamed-chunk-47
  |                                                                         |..............................................................   |  96%
  ordinary text without R code

  |                                                                         |...............................................................  |  97%
label: unnamed-chunk-48
  |                                                                         |................................................................ |  98%
  ordinary text without R code

  |                                                                         |................................................................ |  99%
label: unnamed-chunk-49
  |                                                                         |.................................................................| 100%
  ordinary text without R code


output file: 2015_05_25_gviz_intro.md

> 
> #unlink ("misdatos.txt")
> 
> 
> ###EXIT
> warnings ()
NULL
> sessionInfo ()
R version 3.2.0 (2015-04-16)
Platform: x86_64-pc-linux-gnu (64-bit)
Running under: Ubuntu 14.04.2 LTS

locale:
 [1] LC_CTYPE=en_US.UTF-8       LC_NUMERIC=C              
 [3] LC_TIME=es_ES.UTF-8        LC_COLLATE=en_US.UTF-8    
 [5] LC_MONETARY=es_ES.UTF-8    LC_MESSAGES=en_US.UTF-8   
 [7] LC_PAPER=es_ES.UTF-8       LC_NAME=C                 
 [9] LC_ADDRESS=C               LC_TELEPHONE=C            
[11] LC_MEASUREMENT=es_ES.UTF-8 LC_IDENTIFICATION=C       

attached base packages:
 [1] grid      parallel  stats4    stats     graphics  grDevices utils    
 [8] datasets  methods   base     

other attached packages:
[1] XVector_0.8.0        Gviz_1.12.0          GenomicRanges_1.20.3
[4] GenomeInfoDb_1.4.0   IRanges_2.2.1        S4Vectors_0.6.0     
[7] BiocGenerics_0.14.0  knitr_1.10.5        

loaded via a namespace (and not attached):
 [1] Rcpp_0.11.6              RColorBrewer_1.1-2       futile.logger_1.4.1     
 [4] plyr_1.8.2               GenomicFeatures_1.20.1   bitops_1.0-6            
 [7] futile.options_1.0.0     tools_3.2.0              zlibbioc_1.14.0         
[10] rpart_4.1-9              biomaRt_2.24.0           digest_0.6.8            
[13] BSgenome_1.36.0          gtable_0.1.2             RSQLite_1.0.0           
[16] evaluate_0.7             lattice_0.20-31          biovizBase_1.16.0       
[19] DBI_0.3.1                proto_0.3-10             gridExtra_0.9.1         
[22] cluster_2.0.1            rtracklayer_1.28.3       stringr_1.0.0           
[25] Biostrings_2.36.1        nnet_7.3-9               Biobase_2.28.0          
[28] AnnotationDbi_1.30.1     survival_2.38-1          XML_3.98-1.1            
[31] BiocParallel_1.2.2       foreign_0.8-63           Formula_1.2-1           
[34] latticeExtra_0.6-26      reshape2_1.4.1           ggplot2_1.0.1           
[37] lambda.r_1.1.7           magrittr_1.5             MASS_7.3-40             
[40] splines_3.2.0            Rsamtools_1.20.2         scales_0.2.4            
[43] Hmisc_3.16-0             matrixStats_0.14.0       GenomicAlignments_1.4.1 
[46] dichromat_2.0-0          mime_0.3                 colorspace_1.2-6        
[49] stringi_0.4-1            acepack_1.3-3.3          RCurl_1.95-4.6          
[52] munsell_0.4.2            markdown_0.7.7           VariantAnnotation_1.14.1
> q ("no")
> proc.time()
   user  system elapsed 
 18.966   0.183  19.128 
